aluno@aluno-OptiPlex-7010:~/Teste Vagrant$ vagrant initi
Usage: vagrant [options] <command> [<args>]

    -h, --help                       Print this help.

Common commands:
     autocomplete    manages autocomplete installation on host
     box             manages boxes: installation, removal, etc.
     cloud           manages everything related to Vagrant Cloud
     destroy         stops and deletes all traces of the vagrant machine
     global-status   outputs status Vagrant environments for this user
     halt            stops the vagrant machine
     help            shows the help for a subcommand
     init            initializes a new Vagrant environment by creating a Vagrantfile
     login           
     package         packages a running vagrant environment into a box
     plugin          manages plugins: install, uninstall, update, etc.
     port            displays information about guest port mappings
     powershell      connects to machine via powershell remoting
     provision       provisions the vagrant machine
     push            deploys code in this environment to a configured destination
     rdp             connects to machine via RDP
     reload          restarts vagrant machine, loads new Vagrantfile configuration
     resume          resume a suspended vagrant machine
     snapshot        manages snapshots: saving, restoring, etc.
     ssh             connects to machine via SSH
     ssh-config      outputs OpenSSH valid configuration to connect to the machine
     status          outputs status of the vagrant machine
     suspend         suspends the machine
     up              starts and provisions the vagrant environment
     upload          upload to machine via communicator
     validate        validates the Vagrantfile
     version         prints current and latest Vagrant version
     winrm           executes commands on a machine via WinRM
     winrm-config    outputs WinRM configuration to connect to the machine

For help on any individual command run `vagrant COMMAND -h`

Additional subcommands are available, but are either more advanced
or not commonly used. To see all subcommands, run the command
`vagrant list-commands`.
        --[no-]color                 Enable or disable color output
        --machine-readable           Enable machine readable output
    -v, --version                    Display Vagrant version
        --debug                      Enable debug output
        --timestamp                  Enable timestamps on log output
        --debug-timestamp            Enable debug output with timestamps
        --no-tty                     Enable non-interactive output

aluno@aluno-OptiPlex-7010:~/Teste Vagrant$ vagrant init
A `Vagrantfile` has been placed in this directory. You are now
ready to `vagrant up` your first virtual environment! Please read
the comments in the Vagrantfile as well as documentation on
`vagrantup.com` for more information on using Vagrant.
aluno@aluno-OptiPlex-7010:~/Teste Vagrant$ vagrant up --provider virtualbox
Bringing machine 'default' up with 'virtualbox' provider...
==> default: Box 'base' could not be found. Attempting to find and install...
    default: Box Provider: virtualbox
    default: Box Version: >= 0
/usr/lib/ruby/3.0.0/uri/rfc3986_parser.rb:67:in `split': bad URI(is not URI?): "file:///home/aluno/Teste Vagrant/base" (URI::InvalidURIError)
	from /usr/lib/ruby/3.0.0/uri/rfc3986_parser.rb:72:in `parse'
	from /usr/lib/ruby/3.0.0/uri/common.rb:171:in `parse'
	from /usr/share/rubygems-integration/all/gems/vagrant-2.2.19/lib/vagrant/action/builtin/box_add.rb:505:in `metadata_url?'
	from /usr/share/rubygems-integration/all/gems/vagrant-2.2.19/lib/vagrant/action/builtin/box_add.rb:92:in `block in call'
	from /usr/share/rubygems-integration/all/gems/vagrant-2.2.19/lib/vagrant/action/builtin/box_add.rb:90:in `map'
	from /usr/share/rubygems-integration/all/gems/vagrant-2.2.19/lib/vagrant/action/builtin/box_add.rb:90:in `call'
	from /usr/share/rubygems-integration/all/gems/vagrant-2.2.19/lib/vagrant/action/warden.rb:48:in `call'
	from /usr/share/rubygems-integration/all/gems/vagrant-2.2.19/lib/vagrant/action/builder.rb:149:in `call'
	from /usr/share/rubygems-integration/all/gems/vagrant-2.2.19/lib/vagrant/action/runner.rb:89:in `block in run'
	from /usr/share/rubygems-integration/all/gems/vagrant-2.2.19/lib/vagrant/util/busy.rb:19:in `busy'
	from /usr/share/rubygems-integration/all/gems/vagrant-2.2.19/lib/vagrant/action/runner.rb:89:in `run'
	from /usr/share/rubygems-integration/all/gems/vagrant-2.2.19/lib/vagrant/action/builtin/handle_box.rb:83:in `handle_box'
	from /usr/share/rubygems-integration/all/gems/vagrant-2.2.19/lib/vagrant/action/builtin/handle_box.rb:42:in `block in call'
	from /usr/share/rubygems-integration/all/gems/vagrant-2.2.19/lib/vagrant/action/builtin/handle_box.rb:36:in `synchronize'
	from /usr/share/rubygems-integration/all/gems/vagrant-2.2.19/lib/vagrant/action/builtin/handle_box.rb:36:in `call'
	from /usr/share/rubygems-integration/all/gems/vagrant-2.2.19/lib/vagrant/action/warden.rb:48:in `call'
	from /usr/share/rubygems-integration/all/gems/vagrant-2.2.19/lib/vagrant/action/warden.rb:127:in `block in finalize_action'
	from /usr/share/rubygems-integration/all/gems/vagrant-2.2.19/lib/vagrant/action/warden.rb:48:in `call'
	from /usr/share/rubygems-integration/all/gems/vagrant-2.2.19/lib/vagrant/action/builder.rb:149:in `call'
	from /usr/share/rubygems-integration/all/gems/vagrant-2.2.19/lib/vagrant/action/runner.rb:89:in `block in run'
	from /usr/share/rubygems-integration/all/gems/vagrant-2.2.19/lib/vagrant/util/busy.rb:19:in `busy'
	from /usr/share/rubygems-integration/all/gems/vagrant-2.2.19/lib/vagrant/action/runner.rb:89:in `run'
	from /usr/share/rubygems-integration/all/gems/vagrant-2.2.19/lib/vagrant/action/builtin/call.rb:53:in `call'
	from /usr/share/rubygems-integration/all/gems/vagrant-2.2.19/lib/vagrant/action/warden.rb:48:in `call'
	from /usr/share/rubygems-integration/all/gems/vagrant-2.2.19/plugins/providers/virtualbox/action/check_virtualbox.rb:26:in `call'
	from /usr/share/rubygems-integration/all/gems/vagrant-2.2.19/lib/vagrant/action/warden.rb:48:in `call'
	from /usr/share/rubygems-integration/all/gems/vagrant-2.2.19/lib/vagrant/action/builder.rb:149:in `call'
	from /usr/share/rubygems-integration/all/gems/vagrant-2.2.19/lib/vagrant/action/runner.rb:89:in `block in run'
	from /usr/share/rubygems-integration/all/gems/vagrant-2.2.19/lib/vagrant/util/busy.rb:19:in `busy'
	from /usr/share/rubygems-integration/all/gems/vagrant-2.2.19/lib/vagrant/action/runner.rb:89:in `run'
	from /usr/share/rubygems-integration/all/gems/vagrant-2.2.19/lib/vagrant/machine.rb:246:in `action_raw'
	from /usr/share/rubygems-integration/all/gems/vagrant-2.2.19/lib/vagrant/machine.rb:215:in `block in action'
	from /usr/share/rubygems-integration/all/gems/vagrant-2.2.19/lib/vagrant/environment.rb:614:in `lock'
	from /usr/share/rubygems-integration/all/gems/vagrant-2.2.19/lib/vagrant/machine.rb:201:in `call'
	from /usr/share/rubygems-integration/all/gems/vagrant-2.2.19/lib/vagrant/machine.rb:201:in `action'
	from /usr/share/rubygems-integration/all/gems/vagrant-2.2.19/lib/vagrant/batch_action.rb:86:in `block (2 levels) in run'
aluno@aluno-OptiPlex-7010:~/Teste Vagrant$ Vagrant.configure("2") do |config|
  config.vm.box = "nome-da-box-valida"
end
bash: erro de sintaxe próximo ao token inesperado `"2"'
config.vm.box: comando não encontrado
O comando 'end' não foi encontrado, mas existem 14 semelhantes.
aluno@aluno-OptiPlex-7010:~/Teste Vagrant$ Vagrant.configure("2") do |config|
bash: erro de sintaxe próximo ao token inesperado `"2"'
aluno@aluno-OptiPlex-7010:~/Teste Vagrant$ 
aluno@aluno-OptiPlex-7010:~/Teste Vagrant$ ^C
aluno@aluno-OptiPlex-7010:~/Teste Vagrant$ vagrant up --provider virtualbox
Bringing machine 'default' up with 'virtualbox' provider...
==> default: Box 'base' could not be found. Attempting to find and install...
    default: Box Provider: virtualbox
    default: Box Version: >= 0
/usr/lib/ruby/3.0.0/uri/rfc3986_parser.rb:67:in `split': bad URI(is not URI?): "file:///home/aluno/Teste Vagrant/base" (URI::InvalidURIError)
	from /usr/lib/ruby/3.0.0/uri/rfc3986_parser.rb:72:in `parse'
	from /usr/lib/ruby/3.0.0/uri/common.rb:171:in `parse'
	from /usr/share/rubygems-integration/all/gems/vagrant-2.2.19/lib/vagrant/action/builtin/box_add.rb:505:in `metadata_url?'
	from /usr/share/rubygems-integration/all/gems/vagrant-2.2.19/lib/vagrant/action/builtin/box_add.rb:92:in `block in call'
	from /usr/share/rubygems-integration/all/gems/vagrant-2.2.19/lib/vagrant/action/builtin/box_add.rb:90:in `map'
	from /usr/share/rubygems-integration/all/gems/vagrant-2.2.19/lib/vagrant/action/builtin/box_add.rb:90:in `call'
	from /usr/share/rubygems-integration/all/gems/vagrant-2.2.19/lib/vagrant/action/warden.rb:48:in `call'
	from /usr/share/rubygems-integration/all/gems/vagrant-2.2.19/lib/vagrant/action/builder.rb:149:in `call'
	from /usr/share/rubygems-integration/all/gems/vagrant-2.2.19/lib/vagrant/action/runner.rb:89:in `block in run'
	from /usr/share/rubygems-integration/all/gems/vagrant-2.2.19/lib/vagrant/util/busy.rb:19:in `busy'
	from /usr/share/rubygems-integration/all/gems/vagrant-2.2.19/lib/vagrant/action/runner.rb:89:in `run'
	from /usr/share/rubygems-integration/all/gems/vagrant-2.2.19/lib/vagrant/action/builtin/handle_box.rb:83:in `handle_box'
	from /usr/share/rubygems-integration/all/gems/vagrant-2.2.19/lib/vagrant/action/builtin/handle_box.rb:42:in `block in call'
	from /usr/share/rubygems-integration/all/gems/vagrant-2.2.19/lib/vagrant/action/builtin/handle_box.rb:36:in `synchronize'
	from /usr/share/rubygems-integration/all/gems/vagrant-2.2.19/lib/vagrant/action/builtin/handle_box.rb:36:in `call'
	from /usr/share/rubygems-integration/all/gems/vagrant-2.2.19/lib/vagrant/action/warden.rb:48:in `call'
	from /usr/share/rubygems-integration/all/gems/vagrant-2.2.19/lib/vagrant/action/warden.rb:127:in `block in finalize_action'
	from /usr/share/rubygems-integration/all/gems/vagrant-2.2.19/lib/vagrant/action/warden.rb:48:in `call'
	from /usr/share/rubygems-integration/all/gems/vagrant-2.2.19/lib/vagrant/action/builder.rb:149:in `call'
	from /usr/share/rubygems-integration/all/gems/vagrant-2.2.19/lib/vagrant/action/runner.rb:89:in `block in run'
	from /usr/share/rubygems-integration/all/gems/vagrant-2.2.19/lib/vagrant/util/busy.rb:19:in `busy'
	from /usr/share/rubygems-integration/all/gems/vagrant-2.2.19/lib/vagrant/action/runner.rb:89:in `run'
	from /usr/share/rubygems-integration/all/gems/vagrant-2.2.19/lib/vagrant/action/builtin/call.rb:53:in `call'
	from /usr/share/rubygems-integration/all/gems/vagrant-2.2.19/lib/vagrant/action/warden.rb:48:in `call'
	from /usr/share/rubygems-integration/all/gems/vagrant-2.2.19/plugins/providers/virtualbox/action/check_virtualbox.rb:26:in `call'
	from /usr/share/rubygems-integration/all/gems/vagrant-2.2.19/lib/vagrant/action/warden.rb:48:in `call'
	from /usr/share/rubygems-integration/all/gems/vagrant-2.2.19/lib/vagrant/action/builder.rb:149:in `call'
	from /usr/share/rubygems-integration/all/gems/vagrant-2.2.19/lib/vagrant/action/runner.rb:89:in `block in run'
	from /usr/share/rubygems-integration/all/gems/vagrant-2.2.19/lib/vagrant/util/busy.rb:19:in `busy'
	from /usr/share/rubygems-integration/all/gems/vagrant-2.2.19/lib/vagrant/action/runner.rb:89:in `run'
	from /usr/share/rubygems-integration/all/gems/vagrant-2.2.19/lib/vagrant/machine.rb:246:in `action_raw'
	from /usr/share/rubygems-integration/all/gems/vagrant-2.2.19/lib/vagrant/machine.rb:215:in `block in action'
	from /usr/share/rubygems-integration/all/gems/vagrant-2.2.19/lib/vagrant/environment.rb:614:in `lock'
	from /usr/share/rubygems-integration/all/gems/vagrant-2.2.19/lib/vagrant/machine.rb:201:in `call'
	from /usr/share/rubygems-integration/all/gems/vagrant-2.2.19/lib/vagrant/machine.rb:201:in `action'
	from /usr/share/rubygems-integration/all/gems/vagrant-2.2.19/lib/vagrant/batch_action.rb:86:in `block (2 levels) in run'
aluno@aluno-OptiPlex-7010:~/Teste Vagrant$ ^C
aluno@aluno-OptiPlex-7010:~/Teste Vagrant$ ^C
aluno@aluno-OptiPlex-7010:~/Teste Vagrant$ ^C
aluno@aluno-OptiPlex-7010:~/Teste Vagrant$ ^C
aluno@aluno-OptiPlex-7010:~/Teste Vagrant$ ^C
aluno@aluno-OptiPlex-7010:~/Teste Vagrant$ 
aluno@aluno-OptiPlex-7010:~/Teste Vagrant$ vagrant up --provider virtualbox
Bringing machine 'default' up with 'virtualbox' provider...
==> default: Box 'base' could not be found. Attempting to find and install...
    default: Box Provider: virtualbox
    default: Box Version: >= 0
/usr/lib/ruby/3.0.0/uri/rfc3986_parser.rb:67:in `split': bad URI(is not URI?): "file:///home/aluno/Teste Vagrant/base" (URI::InvalidURIError)
	from /usr/lib/ruby/3.0.0/uri/rfc3986_parser.rb:72:in `parse'
	from /usr/lib/ruby/3.0.0/uri/common.rb:171:in `parse'
	from /usr/share/rubygems-integration/all/gems/vagrant-2.2.19/lib/vagrant/action/builtin/box_add.rb:505:in `metadata_url?'
	from /usr/share/rubygems-integration/all/gems/vagrant-2.2.19/lib/vagrant/action/builtin/box_add.rb:92:in `block in call'
	from /usr/share/rubygems-integration/all/gems/vagrant-2.2.19/lib/vagrant/action/builtin/box_add.rb:90:in `map'
	from /usr/share/rubygems-integration/all/gems/vagrant-2.2.19/lib/vagrant/action/builtin/box_add.rb:90:in `call'
	from /usr/share/rubygems-integration/all/gems/vagrant-2.2.19/lib/vagrant/action/warden.rb:48:in `call'
	from /usr/share/rubygems-integration/all/gems/vagrant-2.2.19/lib/vagrant/action/builder.rb:149:in `call'
	from /usr/share/rubygems-integration/all/gems/vagrant-2.2.19/lib/vagrant/action/runner.rb:89:in `block in run'
	from /usr/share/rubygems-integration/all/gems/vagrant-2.2.19/lib/vagrant/util/busy.rb:19:in `busy'
	from /usr/share/rubygems-integration/all/gems/vagrant-2.2.19/lib/vagrant/action/runner.rb:89:in `run'
	from /usr/share/rubygems-integration/all/gems/vagrant-2.2.19/lib/vagrant/action/builtin/handle_box.rb:83:in `handle_box'
	from /usr/share/rubygems-integration/all/gems/vagrant-2.2.19/lib/vagrant/action/builtin/handle_box.rb:42:in `block in call'
	from /usr/share/rubygems-integration/all/gems/vagrant-2.2.19/lib/vagrant/action/builtin/handle_box.rb:36:in `synchronize'
	from /usr/share/rubygems-integration/all/gems/vagrant-2.2.19/lib/vagrant/action/builtin/handle_box.rb:36:in `call'
	from /usr/share/rubygems-integration/all/gems/vagrant-2.2.19/lib/vagrant/action/warden.rb:48:in `call'
	from /usr/share/rubygems-integration/all/gems/vagrant-2.2.19/lib/vagrant/action/warden.rb:127:in `block in finalize_action'
	from /usr/share/rubygems-integration/all/gems/vagrant-2.2.19/lib/vagrant/action/warden.rb:48:in `call'
	from /usr/share/rubygems-integration/all/gems/vagrant-2.2.19/lib/vagrant/action/builder.rb:149:in `call'
	from /usr/share/rubygems-integration/all/gems/vagrant-2.2.19/lib/vagrant/action/runner.rb:89:in `block in run'
	from /usr/share/rubygems-integration/all/gems/vagrant-2.2.19/lib/vagrant/util/busy.rb:19:in `busy'
	from /usr/share/rubygems-integration/all/gems/vagrant-2.2.19/lib/vagrant/action/runner.rb:89:in `run'
	from /usr/share/rubygems-integration/all/gems/vagrant-2.2.19/lib/vagrant/action/builtin/call.rb:53:in `call'
	from /usr/share/rubygems-integration/all/gems/vagrant-2.2.19/lib/vagrant/action/warden.rb:48:in `call'
	from /usr/share/rubygems-integration/all/gems/vagrant-2.2.19/plugins/providers/virtualbox/action/check_virtualbox.rb:26:in `call'
	from /usr/share/rubygems-integration/all/gems/vagrant-2.2.19/lib/vagrant/action/warden.rb:48:in `call'
	from /usr/share/rubygems-integration/all/gems/vagrant-2.2.19/lib/vagrant/action/builder.rb:149:in `call'
	from /usr/share/rubygems-integration/all/gems/vagrant-2.2.19/lib/vagrant/action/runner.rb:89:in `block in run'
	from /usr/share/rubygems-integration/all/gems/vagrant-2.2.19/lib/vagrant/util/busy.rb:19:in `busy'
	from /usr/share/rubygems-integration/all/gems/vagrant-2.2.19/lib/vagrant/action/runner.rb:89:in `run'
	from /usr/share/rubygems-integration/all/gems/vagrant-2.2.19/lib/vagrant/machine.rb:246:in `action_raw'
	from /usr/share/rubygems-integration/all/gems/vagrant-2.2.19/lib/vagrant/machine.rb:215:in `block in action'
	from /usr/share/rubygems-integration/all/gems/vagrant-2.2.19/lib/vagrant/environment.rb:614:in `lock'
	from /usr/share/rubygems-integration/all/gems/vagrant-2.2.19/lib/vagrant/machine.rb:201:in `call'
	from /usr/share/rubygems-integration/all/gems/vagrant-2.2.19/lib/vagrant/machine.rb:201:in `action'
	from /usr/share/rubygems-integration/all/gems/vagrant-2.2.19/lib/vagrant/batch_action.rb:86:in `block (2 levels) in run'
aluno@aluno-OptiPlex-7010:~/Teste Vagrant$ Vagrant.configure("2") do |config|
bash: erro de sintaxe próximo ao token inesperado `"2"'
aluno@aluno-OptiPlex-7010:~/Teste Vagrant$ ^C
aluno@aluno-OptiPlex-7010:~/Teste Vagrant$ 
aluno@aluno-OptiPlex-7010:~/Teste Vagrant$ vagrant up --provider virtualbox
Bringing machine 'default' up with 'virtualbox' provider...
==> default: Box 'base' could not be found. Attempting to find and install...
    default: Box Provider: virtualbox
    default: Box Version: >= 0
/usr/lib/ruby/3.0.0/uri/rfc3986_parser.rb:67:in `split': bad URI(is not URI?): "file:///home/aluno/Teste Vagrant/base" (URI::InvalidURIError)
	from /usr/lib/ruby/3.0.0/uri/rfc3986_parser.rb:72:in `parse'
	from /usr/lib/ruby/3.0.0/uri/common.rb:171:in `parse'
	from /usr/share/rubygems-integration/all/gems/vagrant-2.2.19/lib/vagrant/action/builtin/box_add.rb:505:in `metadata_url?'
	from /usr/share/rubygems-integration/all/gems/vagrant-2.2.19/lib/vagrant/action/builtin/box_add.rb:92:in `block in call'
	from /usr/share/rubygems-integration/all/gems/vagrant-2.2.19/lib/vagrant/action/builtin/box_add.rb:90:in `map'
	from /usr/share/rubygems-integration/all/gems/vagrant-2.2.19/lib/vagrant/action/builtin/box_add.rb:90:in `call'
	from /usr/share/rubygems-integration/all/gems/vagrant-2.2.19/lib/vagrant/action/warden.rb:48:in `call'
	from /usr/share/rubygems-integration/all/gems/vagrant-2.2.19/lib/vagrant/action/builder.rb:149:in `call'
	from /usr/share/rubygems-integration/all/gems/vagrant-2.2.19/lib/vagrant/action/runner.rb:89:in `block in run'
	from /usr/share/rubygems-integration/all/gems/vagrant-2.2.19/lib/vagrant/util/busy.rb:19:in `busy'
	from /usr/share/rubygems-integration/all/gems/vagrant-2.2.19/lib/vagrant/action/runner.rb:89:in `run'
	from /usr/share/rubygems-integration/all/gems/vagrant-2.2.19/lib/vagrant/action/builtin/handle_box.rb:83:in `handle_box'
	from /usr/share/rubygems-integration/all/gems/vagrant-2.2.19/lib/vagrant/action/builtin/handle_box.rb:42:in `block in call'
	from /usr/share/rubygems-integration/all/gems/vagrant-2.2.19/lib/vagrant/action/builtin/handle_box.rb:36:in `synchronize'
	from /usr/share/rubygems-integration/all/gems/vagrant-2.2.19/lib/vagrant/action/builtin/handle_box.rb:36:in `call'
	from /usr/share/rubygems-integration/all/gems/vagrant-2.2.19/lib/vagrant/action/warden.rb:48:in `call'
	from /usr/share/rubygems-integration/all/gems/vagrant-2.2.19/lib/vagrant/action/warden.rb:127:in `block in finalize_action'
	from /usr/share/rubygems-integration/all/gems/vagrant-2.2.19/lib/vagrant/action/warden.rb:48:in `call'
	from /usr/share/rubygems-integration/all/gems/vagrant-2.2.19/lib/vagrant/action/builder.rb:149:in `call'
	from /usr/share/rubygems-integration/all/gems/vagrant-2.2.19/lib/vagrant/action/runner.rb:89:in `block in run'
	from /usr/share/rubygems-integration/all/gems/vagrant-2.2.19/lib/vagrant/util/busy.rb:19:in `busy'
	from /usr/share/rubygems-integration/all/gems/vagrant-2.2.19/lib/vagrant/action/runner.rb:89:in `run'
	from /usr/share/rubygems-integration/all/gems/vagrant-2.2.19/lib/vagrant/action/builtin/call.rb:53:in `call'
	from /usr/share/rubygems-integration/all/gems/vagrant-2.2.19/lib/vagrant/action/warden.rb:48:in `call'
	from /usr/share/rubygems-integration/all/gems/vagrant-2.2.19/plugins/providers/virtualbox/action/check_virtualbox.rb:26:in `call'
	from /usr/share/rubygems-integration/all/gems/vagrant-2.2.19/lib/vagrant/action/warden.rb:48:in `call'
	from /usr/share/rubygems-integration/all/gems/vagrant-2.2.19/lib/vagrant/action/builder.rb:149:in `call'
	from /usr/share/rubygems-integration/all/gems/vagrant-2.2.19/lib/vagrant/action/runner.rb:89:in `block in run'
	from /usr/share/rubygems-integration/all/gems/vagrant-2.2.19/lib/vagrant/util/busy.rb:19:in `busy'
	from /usr/share/rubygems-integration/all/gems/vagrant-2.2.19/lib/vagrant/action/runner.rb:89:in `run'
	from /usr/share/rubygems-integration/all/gems/vagrant-2.2.19/lib/vagrant/machine.rb:246:in `action_raw'
	from /usr/share/rubygems-integration/all/gems/vagrant-2.2.19/lib/vagrant/machine.rb:215:in `block in action'
	from /usr/share/rubygems-integration/all/gems/vagrant-2.2.19/lib/vagrant/environment.rb:614:in `lock'
	from /usr/share/rubygems-integration/all/gems/vagrant-2.2.19/lib/vagrant/machine.rb:201:in `call'
	from /usr/share/rubygems-integration/all/gems/vagrant-2.2.19/lib/vagrant/machine.rb:201:in `action'
	from /usr/share/rubygems-integration/all/gems/vagrant-2.2.19/lib/vagrant/batch_action.rb:86:in `block (2 levels) in run'
aluno@aluno-OptiPlex-7010:~/Teste Vagrant$ vagrant ssh
VM must be created before running this command. Run `vagrant up` first.
aluno@aluno-OptiPlex-7010:~/Teste Vagrant$ cat vagrant 
.vagrant/    Vagrantfile  
aluno@aluno-OptiPlex-7010:~/Teste Vagrant$ cat vagrant 
.vagrant/    Vagrantfile  
aluno@aluno-OptiPlex-7010:~/Teste Vagrant$ cat vagrant 
.vagrant/    Vagrantfile  
aluno@aluno-OptiPlex-7010:~/Teste Vagrant$ cat Vagrantfile
# -*- mode: ruby -*-
# vi: set ft=ruby :

# All Vagrant configuration is done below. The "2" in Vagrant.configure
# configures the configuration version (we support older styles for
# backwards compatibility). Please don't change it unless you know what
# you're doing.
Vagrant.configure("2") do |config|
  # The most common configuration options are documented and commented below.
  # For a complete reference, please see the online documentation at
  # https://docs.vagrantup.com.

  # Every Vagrant development environment requires a box. You can search for
  # boxes at https://vagrantcloud.com/search.
  config.vm.box = "base"

  # Disable automatic box update checking. If you disable this, then
  # boxes will only be checked for updates when the user runs
  # `vagrant box outdated`. This is not recommended.
  # config.vm.box_check_update = false

  # Create a forwarded port mapping which allows access to a specific port
  # within the machine from a port on the host machine. In the example below,
  # accessing "localhost:8080" will access port 80 on the guest machine.
  # NOTE: This will enable public access to the opened port
  # config.vm.network "forwarded_port", guest: 80, host: 8080

  # Create a forwarded port mapping which allows access to a specific port
  # within the machine from a port on the host machine and only allow access
  # via 127.0.0.1 to disable public access
  # config.vm.network "forwarded_port", guest: 80, host: 8080, host_ip: "127.0.0.1"

  # Create a private network, which allows host-only access to the machine
  # using a specific IP.
  # config.vm.network "private_network", ip: "192.168.33.10"

  # Create a public network, which generally matched to bridged network.
  # Bridged networks make the machine appear as another physical device on
  # your network.
  # config.vm.network "public_network"

  # Share an additional folder to the guest VM. The first argument is
  # the path on the host to the actual folder. The second argument is
  # the path on the guest to mount the folder. And the optional third
  # argument is a set of non-required options.
  # config.vm.synced_folder "../data", "/vagrant_data"

  # Provider-specific configuration so you can fine-tune various
  # backing providers for Vagrant. These expose provider-specific options.
  # Example for VirtualBox:
  #
  # config.vm.provider "virtualbox" do |vb|
  #   # Display the VirtualBox GUI when booting the machine
  #   vb.gui = true
  #
  #   # Customize the amount of memory on the VM:
  #   vb.memory = "1024"
  # end
  #
  # View the documentation for the provider you are using for more
  # information on available options.

  # Enable provisioning with a shell script. Additional provisioners such as
  # Ansible, Chef, Docker, Puppet and Salt are also available. Please see the
  # documentation for more information about their specific syntax and use.
  # config.vm.provision "shell", inline: <<-SHELL
  #   apt-get update
  #   apt-get install -y apache2
  # SHELL
end
aluno@aluno-OptiPlex-7010:~/Teste Vagrant$ vagrant up --provider virtualbox
Bringing machine 'server' up with 'virtualbox' provider...
Bringing machine 'client' up with 'virtualbox' provider...
==> server: Box 'ubuntu/bionic64' could not be found. Attempting to find and install...
    server: Box Provider: virtualbox
    server: Box Version: >= 0
==> server: Loading metadata for box 'ubuntu/bionic64'
    server: URL: https://vagrantcloud.com/ubuntu/bionic64
==> server: Adding box 'ubuntu/bionic64' (v20230607.0.5) for provider: virtualbox
    server: Downloading: https://vagrantcloud.com/ubuntu/boxes/bionic64/versions/20230607.0.5/providers/virtualbox/unknown/vagrant.box
Download redirected to host: cloud-images.ubuntu.com
==> server: Successfully added box 'ubuntu/bionic64' (v20230607.0.5) for 'virtualbox'!
==> server: You assigned a static IP ending in ".1" to this machine.
==> server: This is very often used by the router and can cause the
==> server: network to not work properly. If the network doesn't work
==> server: properly, try changing this IP.
==> server: Importing base box 'ubuntu/bionic64'...
==> server: Matching MAC address for NAT networking...
==> server: You assigned a static IP ending in ".1" to this machine.
==> server: This is very often used by the router and can cause the
==> server: network to not work properly. If the network doesn't work
==> server: properly, try changing this IP.
==> server: Checking if box 'ubuntu/bionic64' version '20230607.0.5' is up to date...
==> server: Setting the name of the VM: dhcp-bind-server
Vagrant is currently configured to create VirtualBox synced folders with
the `SharedFoldersEnableSymlinksCreate` option enabled. If the Vagrant
guest is not trusted, you may want to disable this option. For more
information on this option, please refer to the VirtualBox manual:

  https://www.virtualbox.org/manual/ch04.html#sharedfolders

This option can be disabled globally with an environment variable:

  VAGRANT_DISABLE_VBOXSYMLINKCREATE=1

or on a per folder basis within the Vagrantfile:

  config.vm.synced_folder '/host/path', '/guest/path', SharedFoldersEnableSymlinksCreate: false
==> server: Clearing any previously set network interfaces...
==> server: Preparing network interfaces based on configuration...
    server: Adapter 1: nat
    server: Adapter 2: intnet
==> server: Forwarding ports...
    server: 22 (guest) => 2222 (host) (adapter 1)
==> server: Running 'pre-boot' VM customizations...
==> server: Booting VM...
==> server: Waiting for machine to boot. This may take a few minutes...
    server: SSH address: 127.0.0.1:2222
    server: SSH username: vagrant
    server: SSH auth method: private key
    server: Warning: Connection reset. Retrying...
    server: 
    server: Vagrant insecure key detected. Vagrant will automatically replace
    server: this with a newly generated keypair for better security.
    server: 
    server: Inserting generated public key within guest...
    server: Removing insecure key from the guest if it's present...
    server: Key inserted! Disconnecting and reconnecting using new SSH key...
==> server: Machine booted and ready!
==> server: Checking for guest additions in VM...
    server: The guest additions on this VM do not match the installed version of
    server: VirtualBox! In most cases this is fine, but in rare cases it can
    server: prevent things such as shared folders from working properly. If you see
    server: shared folder errors, please make sure the guest additions within the
    server: virtual machine match the version of VirtualBox you have installed on
    server: your host and reload your VM.
    server: 
    server: Guest Additions Version: 5.2.42
    server: VirtualBox Version: 6.1
==> server: Setting hostname...
==> server: Configuring and enabling network interfaces...
==> server: Mounting shared folders...
    server: /vagrant => /home/aluno/Teste Vagrant
==> server: Running provisioner: shell...
    server: Running: inline script
    server: Hit:1 http://archive.ubuntu.com/ubuntu bionic InRelease
    server: Get:2 http://security.ubuntu.com/ubuntu bionic-security InRelease [102 kB]
    server: Get:3 http://archive.ubuntu.com/ubuntu bionic-updates InRelease [102 kB]
    server: Get:4 http://archive.ubuntu.com/ubuntu bionic-backports InRelease [102 kB]
    server: Get:5 http://security.ubuntu.com/ubuntu bionic-security/main amd64 Packages [2717 kB]
    server: Get:6 http://archive.ubuntu.com/ubuntu bionic/universe amd64 Packages [8570 kB]
    server: Get:7 http://security.ubuntu.com/ubuntu bionic-security/main Translation-en [468 kB]
    server: Get:8 http://security.ubuntu.com/ubuntu bionic-security/restricted amd64 Packages [1317 kB]
    server: Get:9 http://security.ubuntu.com/ubuntu bionic-security/restricted Translation-en [182 kB]
    server: Get:10 http://security.ubuntu.com/ubuntu bionic-security/universe amd64 Packages [1303 kB]
    server: Get:11 http://security.ubuntu.com/ubuntu bionic-security/universe Translation-en [308 kB]
    server: Get:12 http://security.ubuntu.com/ubuntu bionic-security/multiverse amd64 Packages [19.8 kB]
    server: Get:13 http://security.ubuntu.com/ubuntu bionic-security/multiverse Translation-en [3928 B]
    server: Get:14 http://archive.ubuntu.com/ubuntu bionic/universe Translation-en [4941 kB]
    server: Get:15 http://archive.ubuntu.com/ubuntu bionic/multiverse amd64 Packages [151 kB]
    server: Get:16 http://archive.ubuntu.com/ubuntu bionic/multiverse Translation-en [108 kB]
    server: Get:17 http://archive.ubuntu.com/ubuntu bionic-updates/main amd64 Packages [3045 kB]
    server: Get:18 http://archive.ubuntu.com/ubuntu bionic-updates/main Translation-en [554 kB]
    server: Get:19 http://archive.ubuntu.com/ubuntu bionic-updates/restricted amd64 Packages [1347 kB]
    server: Get:20 http://archive.ubuntu.com/ubuntu bionic-updates/restricted Translation-en [187 kB]
    server: Get:21 http://archive.ubuntu.com/ubuntu bionic-updates/universe amd64 Packages [1914 kB]
    server: Get:22 http://archive.ubuntu.com/ubuntu bionic-updates/universe Translation-en [421 kB]
    server: Get:23 http://archive.ubuntu.com/ubuntu bionic-updates/multiverse amd64 Packages [25.6 kB]
    server: Get:24 http://archive.ubuntu.com/ubuntu bionic-updates/multiverse Translation-en [6088 B]
    server: Get:25 http://archive.ubuntu.com/ubuntu bionic-backports/main amd64 Packages [53.3 kB]
    server: Get:26 http://archive.ubuntu.com/ubuntu bionic-backports/main Translation-en [14.6 kB]
    server: Get:27 http://archive.ubuntu.com/ubuntu bionic-backports/universe amd64 Packages [18.2 kB]
    server: Get:28 http://archive.ubuntu.com/ubuntu bionic-backports/universe Translation-en [8668 B]
    server: Fetched 28.0 MB in 14s (2005 kB/s)
    server: Reading package lists...
    server: Reading package lists...
    server: Building dependency tree...
    server: Reading state information...
    server: The following additional packages will be installed:
    server:   libirs-export160 libisccfg-export160 python3-ply
    server: Suggested packages:
    server:   resolvconf isc-dhcp-server-ldap policycoreutils python-ply-doc
    server: The following NEW packages will be installed:
    server:   bind9 bind9-doc bind9utils isc-dhcp-server libirs-export160
    server:   libisccfg-export160 python3-ply
    server: 0 upgraded, 7 newly installed, 0 to remove and 13 not upgraded.
    server: Need to get 1401 kB of archives.
    server: After this operation, 7121 kB of additional disk space will be used.
    server: Get:1 http://archive.ubuntu.com/ubuntu bionic/main amd64 python3-ply all 3.11-1 [46.6 kB]
    server: Get:2 http://archive.ubuntu.com/ubuntu bionic-updates/main amd64 bind9utils amd64 1:9.11.3+dfsg-1ubuntu1.18 [216 kB]
    server: Get:3 http://archive.ubuntu.com/ubuntu bionic-updates/main amd64 bind9 amd64 1:9.11.3+dfsg-1ubuntu1.18 [398 kB]
    server: Get:4 http://archive.ubuntu.com/ubuntu bionic-updates/main amd64 bind9-doc all 1:9.11.3+dfsg-1ubuntu1.18 [233 kB]
    server: Get:5 http://archive.ubuntu.com/ubuntu bionic-updates/main amd64 libisccfg-export160 amd64 1:9.11.3+dfsg-1ubuntu1.18 [45.4 kB]
    server: Get:6 http://archive.ubuntu.com/ubuntu bionic-updates/main amd64 libirs-export160 amd64 1:9.11.3+dfsg-1ubuntu1.18 [18.4 kB]
    server: Get:7 http://archive.ubuntu.com/ubuntu bionic-updates/main amd64 isc-dhcp-server amd64 4.3.5-3ubuntu7.4 [445 kB]
    server: dpkg-preconfigure: unable to re-open stdin: No such file or directory
    server: Fetched 1401 kB in 2s (582 kB/s)
    server: Selecting previously unselected package python3-ply.
(Reading database ... 60336 files and directories currently installed.)
    server: Preparing to unpack .../0-python3-ply_3.11-1_all.deb ...
    server: Unpacking python3-ply (3.11-1) ...
    server: Selecting previously unselected package bind9utils.
    server: Preparing to unpack .../1-bind9utils_1%3a9.11.3+dfsg-1ubuntu1.18_amd64.deb ...
    server: Unpacking bind9utils (1:9.11.3+dfsg-1ubuntu1.18) ...
    server: Selecting previously unselected package bind9.
    server: Preparing to unpack .../2-bind9_1%3a9.11.3+dfsg-1ubuntu1.18_amd64.deb ...
    server: Unpacking bind9 (1:9.11.3+dfsg-1ubuntu1.18) ...
    server: Selecting previously unselected package bind9-doc.
    server: Preparing to unpack .../3-bind9-doc_1%3a9.11.3+dfsg-1ubuntu1.18_all.deb ...
    server: Unpacking bind9-doc (1:9.11.3+dfsg-1ubuntu1.18) ...
    server: Selecting previously unselected package libisccfg-export160.
    server: Preparing to unpack .../4-libisccfg-export160_1%3a9.11.3+dfsg-1ubuntu1.18_amd64.deb ...
    server: Unpacking libisccfg-export160 (1:9.11.3+dfsg-1ubuntu1.18) ...
    server: Selecting previously unselected package libirs-export160.
    server: Preparing to unpack .../5-libirs-export160_1%3a9.11.3+dfsg-1ubuntu1.18_amd64.deb ...
    server: Unpacking libirs-export160 (1:9.11.3+dfsg-1ubuntu1.18) ...
    server: Selecting previously unselected package isc-dhcp-server.
    server: Preparing to unpack .../6-isc-dhcp-server_4.3.5-3ubuntu7.4_amd64.deb ...
    server: Unpacking isc-dhcp-server (4.3.5-3ubuntu7.4) ...
    server: Setting up bind9-doc (1:9.11.3+dfsg-1ubuntu1.18) ...
    server: Setting up libisccfg-export160 (1:9.11.3+dfsg-1ubuntu1.18) ...
    server: Setting up python3-ply (3.11-1) ...
    server: Setting up libirs-export160 (1:9.11.3+dfsg-1ubuntu1.18) ...
    server: Setting up isc-dhcp-server (4.3.5-3ubuntu7.4) ...
    server: Generating /etc/default/isc-dhcp-server...
    server: Created symlink /etc/systemd/system/multi-user.target.wants/isc-dhcp-server.service → /lib/systemd/system/isc-dhcp-server.service.
    server: Created symlink /etc/systemd/system/multi-user.target.wants/isc-dhcp-server6.service → /lib/systemd/system/isc-dhcp-server6.service.
    server: Setting up bind9utils (1:9.11.3+dfsg-1ubuntu1.18) ...
    server: Setting up bind9 (1:9.11.3+dfsg-1ubuntu1.18) ...
    server: Adding group `bind' (GID 117) ...
    server: Done.
    server: Adding system user `bind' (UID 112) ...
    server: Adding new user `bind' (UID 112) with group `bind' ...
    server: Not creating home directory `/var/cache/bind'.
    server: wrote key file "/etc/bind/rndc.key"
    server: Created symlink /etc/systemd/system/multi-user.target.wants/bind9.service → /lib/systemd/system/bind9.service.
    server: bind9-pkcs11.service is a disabled or a static unit, not starting it.
    server: bind9-resolvconf.service is a disabled or a static unit, not starting it.
    server: Processing triggers for systemd (237-3ubuntu10.57) ...
    server: Processing triggers for man-db (2.8.3-2ubuntu0.1) ...
    server: Processing triggers for ufw (0.36-0ubuntu0.18.04.2) ...
    server: Processing triggers for ureadahead (0.100.0-21) ...
    server: Processing triggers for libc-bin (2.27-3ubuntu1.6) ...
    server: bash: line 10: warning: here-document at line 0 delimited by end-of-file (wanted `EOL')
    server: Synchronizing state of isc-dhcp-server.service with SysV service script with /lib/systemd/systemd-sysv-install.
    server: Executing: /lib/systemd/systemd-sysv-install enable isc-dhcp-server
    server: bash: line 22: warning: here-document at line 0 delimited by end-of-file (wanted `EOL')
    server: bash: line 5: warning: here-document at line 0 delimited by end-of-file (wanted `EOL')
    server: /etc/bind/named.conf.options:22: unknown option 'EOL'
    server: zone example.local/IN: loaded serial 2
    server: OK
    server: Synchronizing state of bind9.service with SysV service script with /lib/systemd/systemd-sysv-install.
    server: Executing: /lib/systemd/systemd-sysv-install enable bind9
    server: ● bind9.service - BIND Domain Name Server
    server:    Loaded: loaded (/lib/systemd/system/bind9.service; enabled; vendor preset: enabled)
    server:    Active: failed (Result: exit-code) since Mon 2024-12-09 23:02:43 UTC; 579ms ago
    server:      Docs: man:named(8)
    server:  Main PID: 4148 (code=exited, status=1/FAILURE)
    server: 
    server: Dec 09 23:02:43 dhcp-bind-server named[4148]: adjusted limit on open files from 4096 to 1048576
    server: Dec 09 23:02:43 dhcp-bind-server named[4148]: found 2 CPUs, using 2 worker threads
    server: Dec 09 23:02:43 dhcp-bind-server named[4148]: using 1 UDP listener per interface
    server: Dec 09 23:02:43 dhcp-bind-server named[4148]: using up to 4096 sockets
    server: Dec 09 23:02:43 dhcp-bind-server named[4148]: loading configuration from '/etc/bind/named.conf'
    server: Dec 09 23:02:43 dhcp-bind-server named[4148]: /etc/bind/named.conf.options:22: unknown option 'EOL'
    server: Dec 09 23:02:43 dhcp-bind-server named[4148]: loading configuration: failure
    server: Dec 09 23:02:43 dhcp-bind-server named[4148]: exiting (due to fatal error)
    server: Dec 09 23:02:43 dhcp-bind-server systemd[1]: bind9.service: Main process exited, code=exited, status=1/FAILURE
    server: Dec 09 23:02:43 dhcp-bind-server systemd[1]: bind9.service: Failed with result 'exit-code'.
The SSH command responded with a non-zero exit status. Vagrant
assumes that this means the command failed. The output for this command
should be in the log above. Please read the output to determine what
went wrong.
aluno@aluno-OptiPlex-7010:~/Teste Vagrant$ vagrant ssh
This command requires a specific VM name to target in a multi-VM environment.
aluno@aluno-OptiPlex-7010:~/Teste Vagrant$ vagrant ssh client
VM must be created before running this command. Run `vagrant up` first.
aluno@aluno-OptiPlex-7010:~/Teste Vagrant$ vagrant ssh server
Welcome to Ubuntu 18.04.6 LTS (GNU/Linux 4.15.0-212-generic x86_64)

 * Documentation:  https://help.ubuntu.com
 * Management:     https://landscape.canonical.com
 * Support:        https://ubuntu.com/advantage

  System information as of Mon Dec  9 23:14:45 UTC 2024

  System load:  0.0               Processes:             96
  Usage of /:   3.4% of 38.70GB   Users logged in:       0
  Memory usage: 15%               IP address for enp0s3: 10.0.2.15
  Swap usage:   0%                IP address for enp0s8: 192.168.56.1


Expanded Security Maintenance for Infrastructure is not enabled.

14 updates can be applied immediately.
11 of these updates are standard security updates.
To see these additional updates run: apt list --upgradable

123 additional security updates can be applied with ESM Infra.
Learn more about enabling ESM Infra service for Ubuntu 18.04 at
https://ubuntu.com/18-04

New release '20.04.6 LTS' available.
Run 'do-release-upgrade' to upgrade to it.


vagrant@dhcp-bind-server:~$ exit
logout
aluno@aluno-OptiPlex-7010:~/Teste Vagrant$ vagrant destroy -f
==> client: VM not created. Moving on...
==> server: You assigned a static IP ending in ".1" to this machine.
==> server: This is very often used by the router and can cause the
==> server: network to not work properly. If the network doesn't work
==> server: properly, try changing this IP.
==> server: Forcing shutdown of VM...
==> server: Destroying VM and associated drives...
aluno@aluno-OptiPlex-7010:~/Teste Vagrant$ vagrant up --provider virtualbox
Bringing machine 'server' up with 'virtualbox' provider...
Bringing machine 'client' up with 'virtualbox' provider...
==> server: You assigned a static IP ending in ".1" to this machine.
==> server: This is very often used by the router and can cause the
==> server: network to not work properly. If the network doesn't work
==> server: properly, try changing this IP.
==> server: Importing base box 'ubuntu/bionic64'...
==> server: Matching MAC address for NAT networking...
==> server: You assigned a static IP ending in ".1" to this machine.
==> server: This is very often used by the router and can cause the
==> server: network to not work properly. If the network doesn't work
==> server: properly, try changing this IP.
==> server: Checking if box 'ubuntu/bionic64' version '20230607.0.5' is up to date...
==> server: Setting the name of the VM: dhcp-bind-server
==> server: Clearing any previously set network interfaces...
==> server: Preparing network interfaces based on configuration...
    server: Adapter 1: nat
    server: Adapter 2: intnet
==> server: Forwarding ports...
    server: 22 (guest) => 2222 (host) (adapter 1)
==> server: Running 'pre-boot' VM customizations...
==> server: Booting VM...
==> server: Waiting for machine to boot. This may take a few minutes...
    server: SSH address: 127.0.0.1:2222
    server: SSH username: vagrant
    server: SSH auth method: private key
    server: Warning: Connection reset. Retrying...
    server: Warning: Remote connection disconnect. Retrying...
    server: 
    server: Vagrant insecure key detected. Vagrant will automatically replace
    server: this with a newly generated keypair for better security.
    server: 
    server: Inserting generated public key within guest...
    server: Removing insecure key from the guest if it's present...
    server: Key inserted! Disconnecting and reconnecting using new SSH key...
==> server: Machine booted and ready!
==> server: Checking for guest additions in VM...
    server: The guest additions on this VM do not match the installed version of
    server: VirtualBox! In most cases this is fine, but in rare cases it can
    server: prevent things such as shared folders from working properly. If you see
    server: shared folder errors, please make sure the guest additions within the
    server: virtual machine match the version of VirtualBox you have installed on
    server: your host and reload your VM.
    server: 
    server: Guest Additions Version: 5.2.42
    server: VirtualBox Version: 6.1
==> server: Setting hostname...
==> server: Configuring and enabling network interfaces...
==> server: Mounting shared folders...
    server: /vagrant => /home/aluno/Teste Vagrant
==> server: Running provisioner: shell...
    server: Running: inline script
    server: Hit:1 http://archive.ubuntu.com/ubuntu bionic InRelease
    server: Get:2 http://archive.ubuntu.com/ubuntu bionic-updates InRelease [102 kB]
    server: Get:3 http://security.ubuntu.com/ubuntu bionic-security InRelease [102 kB]
    server: Get:4 http://archive.ubuntu.com/ubuntu bionic-backports InRelease [102 kB]
    server: Get:5 http://archive.ubuntu.com/ubuntu bionic/universe amd64 Packages [8570 kB]
    server: Get:6 http://security.ubuntu.com/ubuntu bionic-security/main amd64 Packages [2717 kB]
    server: Get:7 http://archive.ubuntu.com/ubuntu bionic/universe Translation-en [4941 kB]
    server: Get:8 http://security.ubuntu.com/ubuntu bionic-security/main Translation-en [468 kB]
    server: Get:9 http://archive.ubuntu.com/ubuntu bionic/multiverse amd64 Packages [151 kB]
    server: Get:10 http://archive.ubuntu.com/ubuntu bionic/multiverse Translation-en [108 kB]
    server: Get:11 http://archive.ubuntu.com/ubuntu bionic-updates/main amd64 Packages [3044 kB]
    server: Get:12 http://security.ubuntu.com/ubuntu bionic-security/restricted amd64 Packages [1317 kB]
    server: Get:13 http://archive.ubuntu.com/ubuntu bionic-updates/main Translation-en [554 kB]
    server: Get:14 http://archive.ubuntu.com/ubuntu bionic-updates/restricted amd64 Packages [1347 kB]
    server: Get:15 http://security.ubuntu.com/ubuntu bionic-security/restricted Translation-en [182 kB]
    server: Get:16 http://security.ubuntu.com/ubuntu bionic-security/universe amd64 Packages [1303 kB]
    server: Get:17 http://archive.ubuntu.com/ubuntu bionic-updates/restricted Translation-en [187 kB]
    server: Get:18 http://archive.ubuntu.com/ubuntu bionic-updates/universe amd64 Packages [1914 kB]
    server: Get:19 http://security.ubuntu.com/ubuntu bionic-security/universe Translation-en [308 kB]
    server: Get:20 http://security.ubuntu.com/ubuntu bionic-security/multiverse amd64 Packages [19.8 kB]
    server: Get:21 http://security.ubuntu.com/ubuntu bionic-security/multiverse Translation-en [3928 B]
    server: Get:22 http://archive.ubuntu.com/ubuntu bionic-updates/universe Translation-en [421 kB]
    server: Get:23 http://archive.ubuntu.com/ubuntu bionic-updates/multiverse amd64 Packages [25.6 kB]
    server: Get:24 http://archive.ubuntu.com/ubuntu bionic-updates/multiverse Translation-en [6088 B]
    server: Get:25 http://archive.ubuntu.com/ubuntu bionic-backports/main amd64 Packages [53.3 kB]
    server: Get:26 http://archive.ubuntu.com/ubuntu bionic-backports/main Translation-en [14.6 kB]
    server: Get:27 http://archive.ubuntu.com/ubuntu bionic-backports/universe amd64 Packages [18.2 kB]
    server: Get:28 http://archive.ubuntu.com/ubuntu bionic-backports/universe Translation-en [8668 B]
    server: Fetched 28.0 MB in 12s (2271 kB/s)
    server: Reading package lists...
    server: Reading package lists...
    server: Building dependency tree...
    server: Reading state information...
    server: The following additional packages will be installed:
    server:   libirs-export160 libisccfg-export160 python3-ply
    server: Suggested packages:
    server:   resolvconf isc-dhcp-server-ldap policycoreutils python-ply-doc
    server: The following NEW packages will be installed:
    server:   bind9 bind9-doc bind9utils isc-dhcp-server libirs-export160
    server:   libisccfg-export160 python3-ply
    server: 0 upgraded, 7 newly installed, 0 to remove and 14 not upgraded.
    server: Need to get 1401 kB of archives.
    server: After this operation, 7121 kB of additional disk space will be used.
    server: Get:1 http://archive.ubuntu.com/ubuntu bionic/main amd64 python3-ply all 3.11-1 [46.6 kB]
    server: Get:2 http://archive.ubuntu.com/ubuntu bionic-updates/main amd64 bind9utils amd64 1:9.11.3+dfsg-1ubuntu1.18 [216 kB]
    server: Get:3 http://archive.ubuntu.com/ubuntu bionic-updates/main amd64 bind9 amd64 1:9.11.3+dfsg-1ubuntu1.18 [398 kB]
    server: Get:4 http://archive.ubuntu.com/ubuntu bionic-updates/main amd64 bind9-doc all 1:9.11.3+dfsg-1ubuntu1.18 [233 kB]
    server: Get:5 http://archive.ubuntu.com/ubuntu bionic-updates/main amd64 libisccfg-export160 amd64 1:9.11.3+dfsg-1ubuntu1.18 [45.4 kB]
    server: Get:6 http://archive.ubuntu.com/ubuntu bionic-updates/main amd64 libirs-export160 amd64 1:9.11.3+dfsg-1ubuntu1.18 [18.4 kB]
    server: Get:7 http://archive.ubuntu.com/ubuntu bionic-updates/main amd64 isc-dhcp-server amd64 4.3.5-3ubuntu7.4 [445 kB]
    server: dpkg-preconfigure: unable to re-open stdin: No such file or directory
    server: Fetched 1401 kB in 2s (577 kB/s)
    server: Selecting previously unselected package python3-ply.
(Reading database ... 60336 files and directories currently installed.)
    server: Preparing to unpack .../0-python3-ply_3.11-1_all.deb ...
    server: Unpacking python3-ply (3.11-1) ...
    server: Selecting previously unselected package bind9utils.
    server: Preparing to unpack .../1-bind9utils_1%3a9.11.3+dfsg-1ubuntu1.18_amd64.deb ...
    server: Unpacking bind9utils (1:9.11.3+dfsg-1ubuntu1.18) ...
    server: Selecting previously unselected package bind9.
    server: Preparing to unpack .../2-bind9_1%3a9.11.3+dfsg-1ubuntu1.18_amd64.deb ...
    server: Unpacking bind9 (1:9.11.3+dfsg-1ubuntu1.18) ...
    server: Selecting previously unselected package bind9-doc.
    server: Preparing to unpack .../3-bind9-doc_1%3a9.11.3+dfsg-1ubuntu1.18_all.deb ...
    server: Unpacking bind9-doc (1:9.11.3+dfsg-1ubuntu1.18) ...
    server: Selecting previously unselected package libisccfg-export160.
    server: Preparing to unpack .../4-libisccfg-export160_1%3a9.11.3+dfsg-1ubuntu1.18_amd64.deb ...
    server: Unpacking libisccfg-export160 (1:9.11.3+dfsg-1ubuntu1.18) ...
    server: Selecting previously unselected package libirs-export160.
    server: Preparing to unpack .../5-libirs-export160_1%3a9.11.3+dfsg-1ubuntu1.18_amd64.deb ...
    server: Unpacking libirs-export160 (1:9.11.3+dfsg-1ubuntu1.18) ...
    server: Selecting previously unselected package isc-dhcp-server.
    server: Preparing to unpack .../6-isc-dhcp-server_4.3.5-3ubuntu7.4_amd64.deb ...
    server: Unpacking isc-dhcp-server (4.3.5-3ubuntu7.4) ...
    server: Setting up bind9-doc (1:9.11.3+dfsg-1ubuntu1.18) ...
    server: Setting up libisccfg-export160 (1:9.11.3+dfsg-1ubuntu1.18) ...
    server: Setting up python3-ply (3.11-1) ...
    server: Setting up libirs-export160 (1:9.11.3+dfsg-1ubuntu1.18) ...
    server: Setting up isc-dhcp-server (4.3.5-3ubuntu7.4) ...
    server: Generating /etc/default/isc-dhcp-server...
    server: Created symlink /etc/systemd/system/multi-user.target.wants/isc-dhcp-server.service → /lib/systemd/system/isc-dhcp-server.service.
    server: Created symlink /etc/systemd/system/multi-user.target.wants/isc-dhcp-server6.service → /lib/systemd/system/isc-dhcp-server6.service.
    server: Setting up bind9utils (1:9.11.3+dfsg-1ubuntu1.18) ...
    server: Setting up bind9 (1:9.11.3+dfsg-1ubuntu1.18) ...
    server: Adding group `bind' (GID 117) ...
    server: Done.
    server: Adding system user `bind' (UID 112) ...
    server: Adding new user `bind' (UID 112) with group `bind' ...
    server: Not creating home directory `/var/cache/bind'.
    server: wrote key file "/etc/bind/rndc.key"
    server: Created symlink /etc/systemd/system/multi-user.target.wants/bind9.service → /lib/systemd/system/bind9.service.
    server: bind9-pkcs11.service is a disabled or a static unit, not starting it.
    server: bind9-resolvconf.service is a disabled or a static unit, not starting it.
    server: Processing triggers for systemd (237-3ubuntu10.57) ...
    server: Processing triggers for man-db (2.8.3-2ubuntu0.1) ...
    server: Processing triggers for ufw (0.36-0ubuntu0.18.04.2) ...
    server: Processing triggers for ureadahead (0.100.0-21) ...
    server: Processing triggers for libc-bin (2.27-3ubuntu1.6) ...
    server: bash: line 10: warning: here-document at line 0 delimited by end-of-file (wanted `EOL')
    server: Synchronizing state of isc-dhcp-server.service with SysV service script with /lib/systemd/systemd-sysv-install.
    server: Executing: /lib/systemd/systemd-sysv-install enable isc-dhcp-server
    server: bash: line 22: warning: here-document at line 0 delimited by end-of-file (wanted `EOL')
    server: bash: line 5: warning: here-document at line 0 delimited by end-of-file (wanted `EOL')
    server: /etc/bind/named.conf.options:22: unknown option 'EOL'
    server: zone example.local/IN: loaded serial 2
    server: OK
    server: Synchronizing state of bind9.service with SysV service script with /lib/systemd/systemd-sysv-install.
    server: Executing: /lib/systemd/systemd-sysv-install enable bind9
    server: ● bind9.service - BIND Domain Name Server
    server:    Loaded: loaded (/lib/systemd/system/bind9.service; enabled; vendor preset: enabled)
    server:    Active: failed (Result: exit-code) since Mon 2024-12-09 23:17:25 UTC; 463ms ago
    server:      Docs: man:named(8)
    server:  Main PID: 4247 (code=exited, status=1/FAILURE)
    server: 
    server: Dec 09 23:17:25 dhcp-bind-server named[4247]: adjusted limit on open files from 4096 to 1048576
    server: Dec 09 23:17:25 dhcp-bind-server named[4247]: found 2 CPUs, using 2 worker threads
    server: Dec 09 23:17:25 dhcp-bind-server named[4247]: using 1 UDP listener per interface
    server: Dec 09 23:17:25 dhcp-bind-server named[4247]: using up to 4096 sockets
    server: Dec 09 23:17:25 dhcp-bind-server named[4247]: loading configuration from '/etc/bind/named.conf'
    server: Dec 09 23:17:25 dhcp-bind-server named[4247]: /etc/bind/named.conf.options:22: unknown option 'EOL'
    server: Dec 09 23:17:25 dhcp-bind-server named[4247]: loading configuration: failure
    server: Dec 09 23:17:25 dhcp-bind-server named[4247]: exiting (due to fatal error)
    server: Dec 09 23:17:25 dhcp-bind-server systemd[1]: bind9.service: Main process exited, code=exited, status=1/FAILURE
    server: Dec 09 23:17:25 dhcp-bind-server systemd[1]: bind9.service: Failed with result 'exit-code'.
The SSH command responded with a non-zero exit status. Vagrant
assumes that this means the command failed. The output for this command
should be in the log above. Please read the output to determine what
went wrong.
aluno@aluno-OptiPlex-7010:~/Teste Vagrant$ vagrant ssh server
Welcome to Ubuntu 18.04.6 LTS (GNU/Linux 4.15.0-212-generic x86_64)

 * Documentation:  https://help.ubuntu.com
 * Management:     https://landscape.canonical.com
 * Support:        https://ubuntu.com/advantage

  System information as of Mon Dec  9 23:19:04 UTC 2024

  System load:  0.16              Processes:             111
  Usage of /:   3.4% of 38.70GB   Users logged in:       0
  Memory usage: 15%               IP address for enp0s3: 10.0.2.15
  Swap usage:   0%                IP address for enp0s8: 192.168.56.1


Expanded Security Maintenance for Infrastructure is not enabled.

14 updates can be applied immediately.
11 of these updates are standard security updates.
To see these additional updates run: apt list --upgradable

123 additional security updates can be applied with ESM Infra.
Learn more about enabling ESM Infra service for Ubuntu 18.04 at
https://ubuntu.com/18-04

New release '20.04.6 LTS' available.
Run 'do-release-upgrade' to upgrade to it.


vagrant@dhcp-bind-server:~$ exit
logout
aluno@aluno-OptiPlex-7010:~/Teste Vagrant$ vagrant ssh client
VM must be created before running this command. Run `vagrant up` first.
aluno@aluno-OptiPlex-7010:~/Teste Vagrant$ '''
> ^C
aluno@aluno-OptiPlex-7010:~/Teste Vagrant$ cat /etc/default/isc-dhcp-server
  
cat: /etc/default/isc-dhcp-server: Arquivo ou diretório inexistente
aluno@aluno-OptiPlex-7010:~/Teste Vagrant$ vagrant ssh server
Welcome to Ubuntu 18.04.6 LTS (GNU/Linux 4.15.0-212-generic x86_64)

 * Documentation:  https://help.ubuntu.com
 * Management:     https://landscape.canonical.com
 * Support:        https://ubuntu.com/advantage

  System information as of Mon Dec  9 23:25:56 UTC 2024

  System load:  0.03              Processes:             96
  Usage of /:   3.4% of 38.70GB   Users logged in:       0
  Memory usage: 15%               IP address for enp0s3: 10.0.2.15
  Swap usage:   0%                IP address for enp0s8: 192.168.56.1


Expanded Security Maintenance for Infrastructure is not enabled.

14 updates can be applied immediately.
11 of these updates are standard security updates.
To see these additional updates run: apt list --upgradable

123 additional security updates can be applied with ESM Infra.
Learn more about enabling ESM Infra service for Ubuntu 18.04 at
https://ubuntu.com/18-04

New release '20.04.6 LTS' available.
Run 'do-release-upgrade' to upgrade to it.


Last login: Mon Dec  9 23:19:05 2024 from 10.0.2.2
vagrant@dhcp-bind-server:~$ cat /etc/default/isc-dhcp-server
# Defaults for isc-dhcp-server (sourced by /etc/init.d/isc-dhcp-server)

# Path to dhcpd's config file (default: /etc/dhcp/dhcpd.conf).
#DHCPDv4_CONF=/etc/dhcp/dhcpd.conf
#DHCPDv6_CONF=/etc/dhcp/dhcpd6.conf

# Path to dhcpd's PID file (default: /var/run/dhcpd.pid).
#DHCPDv4_PID=/var/run/dhcpd.pid
#DHCPDv6_PID=/var/run/dhcpd6.pid

# Additional options to start dhcpd with.
#	Don't use options -cf or -pf here; use DHCPD_CONF/ DHCPD_PID instead
#OPTIONS=""

# On what interfaces should the DHCP server (dhcpd) serve DHCP requests?
#	Separate multiple interfaces with spaces, e.g. "eth0 eth1".
INTERFACESv4="enp0s8"
INTERFACESv6=""
vagrant@dhcp-bind-server:~$ cat /etc/default/isc-dhcp-server^C
vagrant@dhcp-bind-server:~$ service bind9 status
● bind9.service - BIND Domain Name Server
   Loaded: loaded (/lib/systemd/system/bind9.service; enabled; vendor preset: enabled)
   Active: failed (Result: exit-code) since Mon 2024-12-09 23:17:25 UTC; 11min ago
     Docs: man:named(8)
 Main PID: 4247 (code=exited, status=1/FAILURE)
vagrant@dhcp-bind-server:~$ ifconfig
enp0s3: flags=4163<UP,BROADCAST,RUNNING,MULTICAST>  mtu 1500
        inet 10.0.2.15  netmask 255.255.255.0  broadcast 10.0.2.255
        inet6 fe80::3b:7bff:feb7:3b2d  prefixlen 64  scopeid 0x20<link>
        ether 02:3b:7b:b7:3b:2d  txqueuelen 1000  (Ethernet)
        RX packets 23121  bytes 32519425 (32.5 MB)
        RX errors 0  dropped 0  overruns 0  frame 0
        TX packets 10359  bytes 766547 (766.5 KB)
        TX errors 0  dropped 0 overruns 0  carrier 0  collisions 0

enp0s8: flags=4163<UP,BROADCAST,RUNNING,MULTICAST>  mtu 1500
        inet 192.168.56.1  netmask 255.255.255.0  broadcast 192.168.56.255
        inet6 fe80::a00:27ff:feb0:e9c3  prefixlen 64  scopeid 0x20<link>
        ether 08:00:27:b0:e9:c3  txqueuelen 1000  (Ethernet)
        RX packets 0  bytes 0 (0.0 B)
        RX errors 0  dropped 0  overruns 0  frame 0
        TX packets 13  bytes 1006 (1.0 KB)
        TX errors 0  dropped 0 overruns 0  carrier 0  collisions 0

lo: flags=73<UP,LOOPBACK,RUNNING>  mtu 65536
        inet 127.0.0.1  netmask 255.0.0.0
        inet6 ::1  prefixlen 128  scopeid 0x10<host>
        loop  txqueuelen 1000  (Local Loopback)
        RX packets 72  bytes 7892 (7.8 KB)
        RX errors 0  dropped 0  overruns 0  frame 0
        TX packets 72  bytes 7892 (7.8 KB)
        TX errors 0  dropped 0 overruns 0  carrier 0  collisions 0

vagrant@dhcp-bind-server:~$ service isc-dhcp-server status
● isc-dhcp-server.service - ISC DHCP IPv4 server
   Loaded: loaded (/lib/systemd/system/isc-dhcp-server.service; enabled; vendor preset: enabled)
   Active: failed (Result: exit-code) since Mon 2024-12-09 23:17:24 UTC; 15min ago
     Docs: man:dhcpd(8)
 Main PID: 4114 (code=exited, status=1/FAILURE)
vagrant@dhcp-bind-server:~$ 

